2017-09-12 14:44:18
2017-09-12 14:44:23
2017-09-12 14:44:28
2017-09-12 14:44:33
2017-09-12 14:44:38
2017-09-12 14:44:43
2017-09-12 14:44:48
2017-09-12 14:44:53
2017-09-12 14:44:58
2017-09-12 14:45:03
2017-09-12 14:45:08
2017-09-12 14:45:13
2017-09-12 14:45:18
2017-09-12 14:45:23
2017-09-12 14:45:28
2017-09-12 14:45:33
2017-09-12 14:45:38
2017-09-12 14:45:43
2017-09-12 14:45:48
2017-09-12 14:45:53
2017-09-12 14:45:58
2017-09-12 14:46:03
2017-09-12 14:46:08
2017-09-12 14:46:13
2017-09-12 14:46:18
2017-09-12 14:46:23
2017-09-12 14:46:28
2017-09-12 14:46:33
2017-09-12 14:46:38
2017-09-12 14:46:43
2017-09-12 14:46:48
2017-09-12 14:46:53
2017-09-12 14:46:58
2017-09-12 14:47:03
2017-09-12 14:47:08
2017-09-12 14:47:14
2017-09-12 14:47:19
2017-09-12 14:47:24
2017-09-12 14:47:29
2017-09-12 14:47:34
2017-09-12 14:47:39
2017-09-12 14:47:44
2017-09-12 14:47:49
2017-09-12 14:47:54
2017-09-12 14:47:59
2017-09-12 14:48:04
2017-09-12 14:48:09
2017-09-12 14:48:14
2017-09-12 14:48:19
