[2017-09-12 14:46:06] [INFO] INTERVAL is 10
[2017-09-12 14:46:17] [INFO] {"host": "SquareHuangdeMacBook-Pro.local","path":"/Users/square_huang/git/HippoPlugin/test/recommender_system","service_name":"recommender-training","monitor_pid":"75419","service_pid":"75299","exec_time":"1505198777","is_success":"1","error_msg":""} | /Users/square_huang/Documents/Software/kafka_2.10-0.9.0.0/bin/kafka-console-producer.sh --broker-list localhost:9092 --topic service-health
[2017-09-12 14:46:30] [INFO] {"host": "SquareHuangdeMacBook-Pro.local","path":"/Users/square_huang/git/HippoPlugin/test/recommender_system","service_name":"recommender-training","monitor_pid":"75419","service_pid":"75299","exec_time":"1505198790","is_success":"1","error_msg":""} | /Users/square_huang/Documents/Software/kafka_2.10-0.9.0.0/bin/kafka-console-producer.sh --broker-list localhost:9092 --topic service-health
[2017-09-12 14:46:42] [WARN] restart service...
[2017-09-12 14:46:44] [WARN] restart_retout : no recommender-training to stop
File /Users/square_huang/git/HippoPlugin/test/recommender_system/hippo/var/run/square_huang-recommender-training-1.pid does NOT exist!
recommender-training pid : 77946
[2017-09-12 14:46:44] [WARN] restart_retcode : 0
[2017-09-12 14:46:44] [INFO] {"host": "SquareHuangdeMacBook-Pro.local","path":"/Users/square_huang/git/HippoPlugin/test/recommender_system","service_name":"recommender-training","monitor_pid":"75419","service_pid":"75299","exec_time":"1505198804","is_success":"1","error_msg":""} | /Users/square_huang/Documents/Software/kafka_2.10-0.9.0.0/bin/kafka-console-producer.sh --broker-list localhost:9092 --topic service-health
[2017-09-12 14:46:57] [INFO] {"host": "SquareHuangdeMacBook-Pro.local","path":"/Users/square_huang/git/HippoPlugin/test/recommender_system","service_name":"recommender-training","monitor_pid":"75419","service_pid":"77946","exec_time":"1505198817","is_success":"1","error_msg":""} | /Users/square_huang/Documents/Software/kafka_2.10-0.9.0.0/bin/kafka-console-producer.sh --broker-list localhost:9092 --topic service-health
[2017-09-12 14:47:09] [INFO] {"host": "SquareHuangdeMacBook-Pro.local","path":"/Users/square_huang/git/HippoPlugin/test/recommender_system","service_name":"recommender-training","monitor_pid":"75419","service_pid":"77946","exec_time":"1505198829","is_success":"1","error_msg":""} | /Users/square_huang/Documents/Software/kafka_2.10-0.9.0.0/bin/kafka-console-producer.sh --broker-list localhost:9092 --topic service-health
[2017-09-12 14:47:23] [INFO] {"host": "SquareHuangdeMacBook-Pro.local","path":"/Users/square_huang/git/HippoPlugin/test/recommender_system","service_name":"recommender-training","monitor_pid":"75419","service_pid":"77946","exec_time":"1505198843","is_success":"1","error_msg":""} | /Users/square_huang/Documents/Software/kafka_2.10-0.9.0.0/bin/kafka-console-producer.sh --broker-list localhost:9092 --topic service-health
[2017-09-12 14:47:35] [INFO] {"host": "SquareHuangdeMacBook-Pro.local","path":"/Users/square_huang/git/HippoPlugin/test/recommender_system","service_name":"recommender-training","monitor_pid":"75419","service_pid":"77946","exec_time":"1505198855","is_success":"1","error_msg":""} | /Users/square_huang/Documents/Software/kafka_2.10-0.9.0.0/bin/kafka-console-producer.sh --broker-list localhost:9092 --topic service-health
[2017-09-12 14:47:48] [INFO] {"host": "SquareHuangdeMacBook-Pro.local","path":"/Users/square_huang/git/HippoPlugin/test/recommender_system","service_name":"recommender-training","monitor_pid":"75419","service_pid":"77946","exec_time":"1505198868","is_success":"1","error_msg":""} | /Users/square_huang/Documents/Software/kafka_2.10-0.9.0.0/bin/kafka-console-producer.sh --broker-list localhost:9092 --topic service-health
[2017-09-12 14:48:01] [INFO] {"host": "SquareHuangdeMacBook-Pro.local","path":"/Users/square_huang/git/HippoPlugin/test/recommender_system","service_name":"recommender-training","monitor_pid":"75419","service_pid":"77946","exec_time":"1505198881","is_success":"1","error_msg":""} | /Users/square_huang/Documents/Software/kafka_2.10-0.9.0.0/bin/kafka-console-producer.sh --broker-list localhost:9092 --topic service-health
