[2017-09-12 14:44:15] [INFO] INTERVAL is 5
[2017-09-12 14:44:21] [INFO] {"host": "SquareHuangdeMacBook-Pro.local","path":"/Users/square_huang/git/HippoPlugin/test/recommender_system","service_name":"recommender-evaluation","monitor_pid":"68410","service_pid":"68264","exec_time":"1505198661","is_success":"1","error_msg":""} | /Users/square_huang/Documents/Software/kafka_2.10-0.9.0.0/bin/kafka-console-producer.sh --broker-list localhost:9092 --topic service-health
[2017-09-12 14:44:29] [INFO] {"host": "SquareHuangdeMacBook-Pro.local","path":"/Users/square_huang/git/HippoPlugin/test/recommender_system","service_name":"recommender-evaluation","monitor_pid":"68410","service_pid":"68264","exec_time":"1505198669","is_success":"1","error_msg":""} | /Users/square_huang/Documents/Software/kafka_2.10-0.9.0.0/bin/kafka-console-producer.sh --broker-list localhost:9092 --topic service-health
[2017-09-12 14:44:37] [INFO] {"host": "SquareHuangdeMacBook-Pro.local","path":"/Users/square_huang/git/HippoPlugin/test/recommender_system","service_name":"recommender-evaluation","monitor_pid":"68410","service_pid":"68264","exec_time":"1505198677","is_success":"1","error_msg":""} | /Users/square_huang/Documents/Software/kafka_2.10-0.9.0.0/bin/kafka-console-producer.sh --broker-list localhost:9092 --topic service-health
[2017-09-12 14:44:44] [INFO] {"host": "SquareHuangdeMacBook-Pro.local","path":"/Users/square_huang/git/HippoPlugin/test/recommender_system","service_name":"recommender-evaluation","monitor_pid":"68410","service_pid":"68264","exec_time":"1505198684","is_success":"1","error_msg":""} | /Users/square_huang/Documents/Software/kafka_2.10-0.9.0.0/bin/kafka-console-producer.sh --broker-list localhost:9092 --topic service-health
[2017-09-12 14:44:51] [INFO] {"host": "SquareHuangdeMacBook-Pro.local","path":"/Users/square_huang/git/HippoPlugin/test/recommender_system","service_name":"recommender-evaluation","monitor_pid":"68410","service_pid":"68264","exec_time":"1505198691","is_success":"1","error_msg":""} | /Users/square_huang/Documents/Software/kafka_2.10-0.9.0.0/bin/kafka-console-producer.sh --broker-list localhost:9092 --topic service-health
[2017-09-12 14:44:59] [INFO] {"host": "SquareHuangdeMacBook-Pro.local","path":"/Users/square_huang/git/HippoPlugin/test/recommender_system","service_name":"recommender-evaluation","monitor_pid":"68410","service_pid":"68264","exec_time":"1505198699","is_success":"1","error_msg":""} | /Users/square_huang/Documents/Software/kafka_2.10-0.9.0.0/bin/kafka-console-producer.sh --broker-list localhost:9092 --topic service-health
[2017-09-12 14:45:07] [INFO] {"host": "SquareHuangdeMacBook-Pro.local","path":"/Users/square_huang/git/HippoPlugin/test/recommender_system","service_name":"recommender-evaluation","monitor_pid":"68410","service_pid":"68264","exec_time":"1505198707","is_success":"1","error_msg":""} | /Users/square_huang/Documents/Software/kafka_2.10-0.9.0.0/bin/kafka-console-producer.sh --broker-list localhost:9092 --topic service-health
[2017-09-12 14:45:16] [INFO] {"host": "SquareHuangdeMacBook-Pro.local","path":"/Users/square_huang/git/HippoPlugin/test/recommender_system","service_name":"recommender-evaluation","monitor_pid":"68410","service_pid":"68264","exec_time":"1505198716","is_success":"1","error_msg":""} | /Users/square_huang/Documents/Software/kafka_2.10-0.9.0.0/bin/kafka-console-producer.sh --broker-list localhost:9092 --topic service-health
[2017-09-12 14:45:23] [INFO] {"host": "SquareHuangdeMacBook-Pro.local","path":"/Users/square_huang/git/HippoPlugin/test/recommender_system","service_name":"recommender-evaluation","monitor_pid":"68410","service_pid":"68264","exec_time":"1505198723","is_success":"1","error_msg":""} | /Users/square_huang/Documents/Software/kafka_2.10-0.9.0.0/bin/kafka-console-producer.sh --broker-list localhost:9092 --topic service-health
[2017-09-12 14:45:31] [INFO] {"host": "SquareHuangdeMacBook-Pro.local","path":"/Users/square_huang/git/HippoPlugin/test/recommender_system","service_name":"recommender-evaluation","monitor_pid":"68410","service_pid":"68264","exec_time":"1505198731","is_success":"1","error_msg":""} | /Users/square_huang/Documents/Software/kafka_2.10-0.9.0.0/bin/kafka-console-producer.sh --broker-list localhost:9092 --topic service-health
[2017-09-12 14:45:39] [INFO] {"host": "SquareHuangdeMacBook-Pro.local","path":"/Users/square_huang/git/HippoPlugin/test/recommender_system","service_name":"recommender-evaluation","monitor_pid":"68410","service_pid":"68264","exec_time":"1505198739","is_success":"1","error_msg":""} | /Users/square_huang/Documents/Software/kafka_2.10-0.9.0.0/bin/kafka-console-producer.sh --broker-list localhost:9092 --topic service-health
[2017-09-12 14:45:46] [INFO] {"host": "SquareHuangdeMacBook-Pro.local","path":"/Users/square_huang/git/HippoPlugin/test/recommender_system","service_name":"recommender-evaluation","monitor_pid":"68410","service_pid":"68264","exec_time":"1505198746","is_success":"1","error_msg":""} | /Users/square_huang/Documents/Software/kafka_2.10-0.9.0.0/bin/kafka-console-producer.sh --broker-list localhost:9092 --topic service-health
[2017-09-12 14:45:54] [INFO] {"host": "SquareHuangdeMacBook-Pro.local","path":"/Users/square_huang/git/HippoPlugin/test/recommender_system","service_name":"recommender-evaluation","monitor_pid":"68410","service_pid":"68264","exec_time":"1505198754","is_success":"1","error_msg":""} | /Users/square_huang/Documents/Software/kafka_2.10-0.9.0.0/bin/kafka-console-producer.sh --broker-list localhost:9092 --topic service-health
[2017-09-12 14:46:02] [INFO] {"host": "SquareHuangdeMacBook-Pro.local","path":"/Users/square_huang/git/HippoPlugin/test/recommender_system","service_name":"recommender-evaluation","monitor_pid":"68410","service_pid":"68264","exec_time":"1505198762","is_success":"1","error_msg":""} | /Users/square_huang/Documents/Software/kafka_2.10-0.9.0.0/bin/kafka-console-producer.sh --broker-list localhost:9092 --topic service-health
[2017-09-12 14:46:09] [INFO] {"host": "SquareHuangdeMacBook-Pro.local","path":"/Users/square_huang/git/HippoPlugin/test/recommender_system","service_name":"recommender-evaluation","monitor_pid":"68410","service_pid":"68264","exec_time":"1505198769","is_success":"1","error_msg":""} | /Users/square_huang/Documents/Software/kafka_2.10-0.9.0.0/bin/kafka-console-producer.sh --broker-list localhost:9092 --topic service-health
[2017-09-12 14:46:17] [INFO] {"host": "SquareHuangdeMacBook-Pro.local","path":"/Users/square_huang/git/HippoPlugin/test/recommender_system","service_name":"recommender-evaluation","monitor_pid":"68410","service_pid":"68264","exec_time":"1505198777","is_success":"1","error_msg":""} | /Users/square_huang/Documents/Software/kafka_2.10-0.9.0.0/bin/kafka-console-producer.sh --broker-list localhost:9092 --topic service-health
[2017-09-12 14:46:24] [INFO] {"host": "SquareHuangdeMacBook-Pro.local","path":"/Users/square_huang/git/HippoPlugin/test/recommender_system","service_name":"recommender-evaluation","monitor_pid":"68410","service_pid":"68264","exec_time":"1505198784","is_success":"1","error_msg":""} | /Users/square_huang/Documents/Software/kafka_2.10-0.9.0.0/bin/kafka-console-producer.sh --broker-list localhost:9092 --topic service-health
[2017-09-12 14:46:32] [INFO] {"host": "SquareHuangdeMacBook-Pro.local","path":"/Users/square_huang/git/HippoPlugin/test/recommender_system","service_name":"recommender-evaluation","monitor_pid":"68410","service_pid":"68264","exec_time":"1505198792","is_success":"1","error_msg":""} | /Users/square_huang/Documents/Software/kafka_2.10-0.9.0.0/bin/kafka-console-producer.sh --broker-list localhost:9092 --topic service-health
[2017-09-12 14:46:40] [INFO] {"host": "SquareHuangdeMacBook-Pro.local","path":"/Users/square_huang/git/HippoPlugin/test/recommender_system","service_name":"recommender-evaluation","monitor_pid":"68410","service_pid":"68264","exec_time":"1505198800","is_success":"1","error_msg":""} | /Users/square_huang/Documents/Software/kafka_2.10-0.9.0.0/bin/kafka-console-producer.sh --broker-list localhost:9092 --topic service-health
[2017-09-12 14:46:47] [INFO] {"host": "SquareHuangdeMacBook-Pro.local","path":"/Users/square_huang/git/HippoPlugin/test/recommender_system","service_name":"recommender-evaluation","monitor_pid":"68410","service_pid":"68264","exec_time":"1505198807","is_success":"1","error_msg":""} | /Users/square_huang/Documents/Software/kafka_2.10-0.9.0.0/bin/kafka-console-producer.sh --broker-list localhost:9092 --topic service-health
[2017-09-12 14:46:54] [INFO] {"host": "SquareHuangdeMacBook-Pro.local","path":"/Users/square_huang/git/HippoPlugin/test/recommender_system","service_name":"recommender-evaluation","monitor_pid":"68410","service_pid":"68264","exec_time":"1505198814","is_success":"1","error_msg":""} | /Users/square_huang/Documents/Software/kafka_2.10-0.9.0.0/bin/kafka-console-producer.sh --broker-list localhost:9092 --topic service-health
[2017-09-12 14:47:02] [INFO] {"host": "SquareHuangdeMacBook-Pro.local","path":"/Users/square_huang/git/HippoPlugin/test/recommender_system","service_name":"recommender-evaluation","monitor_pid":"68410","service_pid":"68264","exec_time":"1505198822","is_success":"1","error_msg":""} | /Users/square_huang/Documents/Software/kafka_2.10-0.9.0.0/bin/kafka-console-producer.sh --broker-list localhost:9092 --topic service-health
[2017-09-12 14:47:10] [INFO] {"host": "SquareHuangdeMacBook-Pro.local","path":"/Users/square_huang/git/HippoPlugin/test/recommender_system","service_name":"recommender-evaluation","monitor_pid":"68410","service_pid":"68264","exec_time":"1505198830","is_success":"1","error_msg":""} | /Users/square_huang/Documents/Software/kafka_2.10-0.9.0.0/bin/kafka-console-producer.sh --broker-list localhost:9092 --topic service-health
[2017-09-12 14:47:18] [INFO] {"host": "SquareHuangdeMacBook-Pro.local","path":"/Users/square_huang/git/HippoPlugin/test/recommender_system","service_name":"recommender-evaluation","monitor_pid":"68410","service_pid":"68264","exec_time":"1505198838","is_success":"1","error_msg":""} | /Users/square_huang/Documents/Software/kafka_2.10-0.9.0.0/bin/kafka-console-producer.sh --broker-list localhost:9092 --topic service-health
[2017-09-12 14:47:25] [INFO] {"host": "SquareHuangdeMacBook-Pro.local","path":"/Users/square_huang/git/HippoPlugin/test/recommender_system","service_name":"recommender-evaluation","monitor_pid":"68410","service_pid":"68264","exec_time":"1505198845","is_success":"1","error_msg":""} | /Users/square_huang/Documents/Software/kafka_2.10-0.9.0.0/bin/kafka-console-producer.sh --broker-list localhost:9092 --topic service-health
[2017-09-12 14:47:33] [INFO] {"host": "SquareHuangdeMacBook-Pro.local","path":"/Users/square_huang/git/HippoPlugin/test/recommender_system","service_name":"recommender-evaluation","monitor_pid":"68410","service_pid":"68264","exec_time":"1505198853","is_success":"1","error_msg":""} | /Users/square_huang/Documents/Software/kafka_2.10-0.9.0.0/bin/kafka-console-producer.sh --broker-list localhost:9092 --topic service-health
[2017-09-12 14:47:40] [INFO] {"host": "SquareHuangdeMacBook-Pro.local","path":"/Users/square_huang/git/HippoPlugin/test/recommender_system","service_name":"recommender-evaluation","monitor_pid":"68410","service_pid":"68264","exec_time":"1505198860","is_success":"1","error_msg":""} | /Users/square_huang/Documents/Software/kafka_2.10-0.9.0.0/bin/kafka-console-producer.sh --broker-list localhost:9092 --topic service-health
[2017-09-12 14:47:47] [INFO] {"host": "SquareHuangdeMacBook-Pro.local","path":"/Users/square_huang/git/HippoPlugin/test/recommender_system","service_name":"recommender-evaluation","monitor_pid":"68410","service_pid":"68264","exec_time":"1505198867","is_success":"1","error_msg":""} | /Users/square_huang/Documents/Software/kafka_2.10-0.9.0.0/bin/kafka-console-producer.sh --broker-list localhost:9092 --topic service-health
[2017-09-12 14:47:55] [INFO] {"host": "SquareHuangdeMacBook-Pro.local","path":"/Users/square_huang/git/HippoPlugin/test/recommender_system","service_name":"recommender-evaluation","monitor_pid":"68410","service_pid":"68264","exec_time":"1505198875","is_success":"1","error_msg":""} | /Users/square_huang/Documents/Software/kafka_2.10-0.9.0.0/bin/kafka-console-producer.sh --broker-list localhost:9092 --topic service-health
[2017-09-12 14:48:03] [INFO] {"host": "SquareHuangdeMacBook-Pro.local","path":"/Users/square_huang/git/HippoPlugin/test/recommender_system","service_name":"recommender-evaluation","monitor_pid":"68410","service_pid":"68264","exec_time":"1505198883","is_success":"1","error_msg":""} | /Users/square_huang/Documents/Software/kafka_2.10-0.9.0.0/bin/kafka-console-producer.sh --broker-list localhost:9092 --topic service-health
[2017-09-12 14:48:10] [INFO] {"host": "SquareHuangdeMacBook-Pro.local","path":"/Users/square_huang/git/HippoPlugin/test/recommender_system","service_name":"recommender-evaluation","monitor_pid":"68410","service_pid":"68264","exec_time":"1505198890","is_success":"1","error_msg":""} | /Users/square_huang/Documents/Software/kafka_2.10-0.9.0.0/bin/kafka-console-producer.sh --broker-list localhost:9092 --topic service-health
[2017-09-12 14:48:18] [INFO] {"host": "SquareHuangdeMacBook-Pro.local","path":"/Users/square_huang/git/HippoPlugin/test/recommender_system","service_name":"recommender-evaluation","monitor_pid":"68410","service_pid":"68264","exec_time":"1505198898","is_success":"1","error_msg":""} | /Users/square_huang/Documents/Software/kafka_2.10-0.9.0.0/bin/kafka-console-producer.sh --broker-list localhost:9092 --topic service-health
