2017-09-12 14:46:47
2017-09-12 14:46:52
2017-09-12 14:46:57
2017-09-12 14:47:02
2017-09-12 14:47:07
2017-09-12 14:47:12
2017-09-12 14:47:17
2017-09-12 14:47:22
2017-09-12 14:47:27
2017-09-12 14:47:32
2017-09-12 14:47:37
2017-09-12 14:47:42
2017-09-12 14:47:47
2017-09-12 14:47:52
2017-09-12 14:47:57
2017-09-12 14:48:02
